// Jest Snapshot v1, https://goo.gl/fbAQLP

exports[`renders correctly 1`] = `
<div
  className="cv "
>
  <div
    className="header "
  >
    <a
      className="website"
      href=""
    >
      zemn.me
    </a>
    <div
      className="email "
    />
    <div
      className="phone "
    />
    <svg
      className="sadIcon headerIcon"
      viewBox="0 0 17.78 7.81"
      xmlns="http://www.w3.org/2000/svg"
    >
      <g
        style={
          Object {
            "stroke": "var(--fgc)",
          }
        }
        transform="translate(-13.03 -62.53)"
      >
        <path
          d="M16.73 62.66l-3.47 6.02h17.32l-3.47-6.02z"
          fill="none"
          strokeWidth=".26"
        />
        <circle
          cx="21.92"
          cy="65.47"
          fill="none"
          r="1.61"
          strokeWidth=".16"
        />
        <ellipse
          cx="21.92"
          cy="65.47"
          fill="none"
          rx="3.23"
          ry="1.58"
          strokeWidth=".23"
        />
        <path
          d="M23.53 68.65a1.61 1.61 0 0 1-3.22 0c0-.9.72-1.2 1.61-1.62.9.42 1.61.73 1.61 1.62z"
          strokeWidth=".16"
          style={
            Object {
              "fill": "var(--bgc)",
            }
          }
        />
        <circle
          cx="21.92"
          cy="65.47"
          r=".54"
          strokeWidth=".08"
          style={
            Object {
              "fill": "var(--fgc)",
            }
          }
        />
      </g>
    </svg>
    <div
      className="date "
    >
      <time
        dateTime={"1970-01-01T00:00:00.008Z"}
      >
        Jan 1970
      </time>
    </div>
    <div
      className="name name"
    >
      thomas nj shadwell
    </div>
  </div>
  <div
    className="rule experienceTitle"
  >
    <span>
      selected experience
    </span>
  </div>
  <div
    className="experience "
  >
    <div
      className="work "
    >
      <div
        className="employer"
      >
        UK National Cyber Security Centre
      </div>
      <div
        className="position"
      >
        Application Security Engineer
      </div>
      <div
        className="date start"
      >
        <time
          dateTime={"2018-01-22T00:00:00.000Z"}
        >
          2018
        </time>
      </div>
      <div
        className="end"
      >
        Present
      </div>
      <div
        className="duration"
      >
        <time
          dateTime={"2018-01-01T00:00:00.000Z"}
        >
          1 year
        </time>
      </div>
      <span
        className="description content"
      >
        <p>
          advisory position. Provided expertise to UK cyber advisory / defence group on Go and building security analysis systems
        </p>
      </span>
    </div>
    <div
      className="work "
    >
      <div
        className="employer"
      >
        Twitch
      </div>
      <div
        className="position"
      >
        Security Engineer
      </div>
      <div
        className="date start"
      >
        <time
          dateTime={"2014-08-31T23:00:00.000Z"}
        >
          2014
        </time>
      </div>
      <div
        className="end"
      >
        Present
      </div>
      <div
        className="duration"
      >
        <time
          dateTime={"2014-01-01T00:00:00.000Z"}
        >
          5 years
        </time>
      </div>
      <span
        className="description content"
      >
        <p>
          first security engineer at the video game streaming website. Designed security architecture for flagship projects including bits, the Twitch API, extensions and Twitch's OIDC / OAuth AuthN/Z systems. Created and defined security relationships and processes. Built Go security static analysis system, security frameworks and libraries
        </p>
      </span>
    </div>
    <div
      className="work "
    >
      <div
        className="employer"
      >
        Consultant
      </div>
      <div
        className="position"
      >
        Software Engineer
      </div>
      <div
        className="date start"
      >
        <time
          dateTime={"2012-04-30T23:00:00.000Z"}
        >
          2012
        </time>
      </div>
      <div
        className="date end"
      >
        <time
          dateTime={"2014-04-30T23:00:00.000Z"}
        >
          2014
        </time>
      </div>
      <div
        className="duration"
      >
        <time
          dateTime={"2012-04-30T23:00:00.000Z"}
        >
          2 years
        </time>
      </div>
      <span
        className="description content"
      >
        <p>
          full stack freelance work building MVPs for London startups and wrangling data for hackathons
        </p>
      </span>
    </div>
    <div
      className="work "
    >
      <div
        className="employer"
      >
        Rewired State
      </div>
      <div
        className="position"
      >
        Developer
      </div>
      <div
        className="date start"
      >
        <time
          dateTime={"2012-03-01T00:00:00.000Z"}
        >
          2012
        </time>
      </div>
      <div
        className="date end"
      >
        <time
          dateTime={"2015-03-01T00:00:00.000Z"}
        >
          2015
        </time>
      </div>
      <div
        className="duration"
      >
        <time
          dateTime={"2012-03-01T00:00:00.000Z"}
        >
          3 years
        </time>
      </div>
      <span
        className="description content"
      >
        <p>
          charity focused on teaching code literacy. Ran and participated in hackathons for good causes. Taught software engineering to young people
        </p>
      </span>
    </div>
  </div>
  <div
    className="rule worksTitle"
  >
    <span>
      of note
    </span>
  </div>
  <div
    className="skills "
  >
    <div
      className="title"
    >
      AWS
    </div>
    <div
      className="description"
    />
    <div
      className="title"
    >
      Bash
    </div>
    <div
      className="description"
    />
    <div
      className="title"
    >
      Go
    </div>
    <div
      className="description"
    />
    <div
      className="title"
    >
      Javascript
    </div>
    <div
      className="description"
    />
    <div
      className="title"
    >
      Python
    </div>
    <div
      className="description"
    />
    <div
      className="title"
    >
      React
    </div>
    <div
      className="description"
    />
    <div
      className="title"
    >
      Ruby
    </div>
    <div
      className="description"
    />
    <div
      className="title"
    >
      appsec arch
    </div>
    <div
      className="description"
    />
    <div
      className="title"
    >
      code review
    </div>
    <div
      className="description"
    />
    <div
      className="title"
    >
      cryptography
    </div>
    <div
      className="description"
    />
    <div
      className="title"
    >
      d3
    </div>
    <div
      className="description"
    />
    <div
      className="title"
    >
      electron
    </div>
    <div
      className="description"
    />
  </div>
  <div
    className="rule skillsTitle"
  >
    <span>
      skills
    </span>
  </div>
  <div
    className="skills works"
  >
    <div
      className="title"
    >
      when security creates insecurity
    </div>
    <div
      className="description"
    >
      exploit using content security policy 1 to steal data on the web
    </div>
    <div
      className="title"
    >
      Steam Remote Code Execution
    </div>
    <div
      className="description"
    >
      vulnerability to remotely access Steam users' computers
    </div>
    <div
      className="title"
    >
      forbes 30 under 30, tech
    </div>
    <div
      className="description"
    >
      for my work at Twitch, and on responsible disclosure
    </div>
    <div
      className="title"
    >
      how to hack the uk tax system, i guess
    </div>
    <div
      className="description"
    >
      vulnerability allowing manipulation of UK tax system
    </div>
  </div>
  <div
    className="skills works2"
  >
    <div
      className="title"
    >
      $7,500 Steam Weakness Let Hackers Take Remote Control Of Gamers' PCs
    </div>
    <div
      className="description"
    >
      news coverage of steam rce
    </div>
    <div
      className="title"
    >
      Ãœbersicht Remote Code Execution, Spotify takeover
    </div>
    <div
      className="description"
    >
      Quick article on the security of modern desktop web applications
    </div>
    <div
      className="title"
    >
      'Mr. Robot' Web Weaknesses Left Fans And USA Network Vulnerable, Warns Non-Fictional Hacker
    </div>
    <div
      className="description"
    >
      code execution in official Mr Robot site
    </div>
    <div
      className="title"
    >
      steam patches broken crypto in wake of replay, padding oracle attacks
    </div>
    <div
      className="description"
    >
      padding oracle based decryption of Steam traffic
    </div>
  </div>
  <svg
    className="future future"
    height="348"
    version="1"
    viewBox="0 0 446 348"
    width="446"
    xmlns="http://www.w3.org/2000/svg"
  >
    <path
      d="M174 0L54 120l33 32L207 33 174 0zm98 0l-32 33 119 119 33-32L272 0zm-49 59L109 174l114 114 115-114L223 59zM33 141L0 174l33 33 33-33-33-33zm380 0l-32 33 32 33 33-33-33-33zM87 195l-33 33 120 120 33-33L87 195zm272 0L240 315l32 33 120-120-33-33z"
      vectorEffect="non-scaling-stroke"
    />
  </svg>
</div>
`;
